<area shape="rect" href="$product_8inc.html#ac7b378120072ec50fd998c962a419a2" title="getImages" alt="" coords="199,5,289,32">
<area shape="rect" href="$xmlparse_8inc.html#2ee17c038e8fe8a1ddc86bb533863cb7" title="parseXML" alt="" coords="201,56,287,83">
<area shape="rect" href="$xmlrpc_8inc.html#c13be54b26e0803d8745e4f019dcfd8a" title="XMLRPC_prepare" alt="" coords="176,107,312,133">
<area shape="rect" href="$xmlrpc_8inc.html#3a98b6984b8ca01752d1aa9a267526a3" title="XMLRPC_request" alt="" coords="177,220,311,247">
<area shape="rect" href="$utils_8inc.html#846199262ea0cd07e0531f38d26dd9b3" title="fget" alt="" coords="416,31,464,57">
<area shape="rect" href="$xmlrpc_8inc.html#88839ba2c5c835c99f55578c65faa401" title="count_numeric_items" alt="" coords="361,93,519,120">
<area shape="rect" href="$xmlrpc_8inc.html#a1e9b05a06f28fabb86c10129f5890ef" title="XML_serialize" alt="" coords="387,144,493,171">
<area shape="rect" href="$xmlrpc_8inc.html#ef8f3de498a12b230d049cdee6a25145" title="XML_unserialize" alt="" coords="379,195,501,221">
<area shape="rect" href="$xmlrpc_8inc.html#d936fe41ae9c3e0b90bd72ffe82a2969" title="XMLRPC_adjustValue" alt="" coords="361,245,519,272">
<area shape="rect" href="$xmlrpc_8inc.html#e2d2e97a8c1c560f5e96d58d60a02874" title="XMLRPC_debug" alt="" coords="377,296,503,323">
<area shape="rect" href="$xmlrpc_8inc.html#1f60d2672bcb35f5ff908f64931f8d48" title="XMLRPC_show" alt="" coords="381,347,499,373">
