<area shape="rect" href="$xmlrpc_8inc.html#c13be54b26e0803d8745e4f019dcfd8a" title="XMLRPC_prepare" alt="" coords="176,31,312,57">
<area shape="rect" href="$xmlrpc_8inc.html#3a98b6984b8ca01752d1aa9a267526a3" title="XMLRPC_request" alt="" coords="177,132,311,159">
<area shape="rect" href="$xmlrpc_8inc.html#88839ba2c5c835c99f55578c65faa401" title="count_numeric_items" alt="" coords="361,5,519,32">
<area shape="rect" href="$xmlrpc_8inc.html#a1e9b05a06f28fabb86c10129f5890ef" title="XML_serialize" alt="" coords="387,56,493,83">
<area shape="rect" href="$xmlrpc_8inc.html#ef8f3de498a12b230d049cdee6a25145" title="XML_unserialize" alt="" coords="379,107,501,133">
<area shape="rect" href="$xmlrpc_8inc.html#d936fe41ae9c3e0b90bd72ffe82a2969" title="XMLRPC_adjustValue" alt="" coords="361,157,519,184">
<area shape="rect" href="$xmlrpc_8inc.html#e2d2e97a8c1c560f5e96d58d60a02874" title="XMLRPC_debug" alt="" coords="377,208,503,235">
<area shape="rect" href="$xmlrpc_8inc.html#1f60d2672bcb35f5ff908f64931f8d48" title="XMLRPC_show" alt="" coords="381,259,499,285">
